#,,,,,,,,,,,,,,,,,"generated_by='OpenQuake engine 3.14.0-gitd531c08676', start_date='2022-02-20T06:41:52', checksum=3485198344, kind='mean', investigation_time=50.0"
lon,lat,0.1~PGA,0.1~SA(0.025),0.1~SA(0.05),0.1~SA(0.1),0.1~SA(0.2),0.1~SA(0.5),0.1~SA(1.0),0.1~SA(2.0),0.02~PGA,0.02~SA(0.025),0.02~SA(0.05),0.02~SA(0.1),0.02~SA(0.2),0.02~SA(0.5),0.02~SA(1.0),0.02~SA(2.0)
0.00000,0.00000,3.327911E-01,3.650730E-01,4.709161E-01,7.523309E-01,7.608030E-01,4.175440E-01,2.105386E-01,9.154201E-02,5.240020E-01,5.756194E-01,7.463015E-01,1.201520E+00,1.237273E+00,7.149565E-01,3.763259E-01,1.733087E-01
0.10000,0.00000,3.329808E-01,3.660256E-01,4.741506E-01,7.554585E-01,7.509528E-01,4.108582E-01,2.064643E-01,8.867238E-02,5.384536E-01,5.929931E-01,7.743234E-01,1.242762E+00,1.250543E+00,7.203729E-01,3.778634E-01,1.717254E-01
