#,,,,,,,,,"generated_by='OpenQuake engine 3.11.0-git6f08fb75b7', start_date='2021-02-04T05:34:16', checksum=1882726055, investigation_time=50.0, ses_per_logic_tree_path=2000"
rup_id,multiplicity,mag,centroid_lon,centroid_lat,centroid_depth,trt,strike,dip,rake
0,1,8.20E+00,1.40E+02,3.52E+01,1.94E+01,Subduction Interface,5.54E+01,4.29E+01,9.00E+01
1,3,8.30E+00,1.41E+02,3.51E+01,1.55E+01,Subduction Interface,4.89E+01,4.63E+01,9.00E+01
2,8,7.90E+00,1.41E+02,3.51E+01,1.58E+01,Subduction Interface,4.74E+01,4.64E+01,9.00E+01
3,10,7.90E+00,1.40E+02,3.54E+01,1.85E+01,Subduction Interface,4.93E+01,4.35E+01,9.00E+01
4,15,8.00E+00,1.40E+02,3.53E+01,1.58E+01,Subduction Interface,6.25E+01,4.24E+01,9.00E+01
5,3,8.20E+00,1.41E+02,3.53E+01,1.92E+01,Subduction Interface,6.24E+01,4.31E+01,9.00E+01